Archive member included to satisfy reference by file (symbol)

c:/program files (x86)/microchip/xc8/avr/bin/../lib/gcc/avr/5.4.0/avrxmega4/memx-const\libgcc.a(_exit.o)
                              C:/Users/m52422/.mchp_packs/Microchip/AVR-Dx_DFP/1.4.75/xc8/avr/lib/avrxmega4/memx-const/crtavr128db48.o (exit)
c:/program files (x86)/microchip/xc8/avr/bin/../lib/gcc/avr/5.4.0/avrxmega4/memx-const\libgcc.a(_copy_data.o)
                              build/Release/production/main.o (__do_copy_data)

Allocating common symbols
Common symbol       size              file

opamp_confg         0x1               build/Release/production/main.o

Discarded input sections

 .data          0x0000000000000000        0x0 C:/Users/m52422/.mchp_packs/Microchip/AVR-Dx_DFP/1.4.75/xc8/avr/lib/avrxmega4/memx-const/crtavr128db48.o
 .bss           0x0000000000000000        0x0 C:/Users/m52422/.mchp_packs/Microchip/AVR-Dx_DFP/1.4.75/xc8/avr/lib/avrxmega4/memx-const/crtavr128db48.o
 .text          0x0000000000000000        0x0 build/Release/production/src/opamp.o
 .data          0x0000000000000000        0x0 build/Release/production/src/opamp.o
 .bss           0x0000000000000000        0x0 build/Release/production/src/opamp.o
 .text          0x0000000000000000        0x0 build/Release/production/src/port.o
 .data          0x0000000000000000        0x0 build/Release/production/src/port.o
 .bss           0x0000000000000000        0x0 build/Release/production/src/port.o
 .text          0x0000000000000000        0x0 build/Release/production/src/tca.o
 .data          0x0000000000000000        0x0 build/Release/production/src/tca.o
 .bss           0x0000000000000000        0x0 build/Release/production/src/tca.o
 .text          0x0000000000000000        0x0 build/Release/production/main.o
 .data          0x0000000000000000        0x0 build/Release/production/main.o
 .bss           0x0000000000000000        0x0 build/Release/production/main.o
 .text          0x0000000000000000        0x0 c:/program files (x86)/microchip/xc8/avr/bin/../lib/gcc/avr/5.4.0/avrxmega4/memx-const\libgcc.a(_exit.o)
 .data          0x0000000000000000        0x0 c:/program files (x86)/microchip/xc8/avr/bin/../lib/gcc/avr/5.4.0/avrxmega4/memx-const\libgcc.a(_exit.o)
 .bss           0x0000000000000000        0x0 c:/program files (x86)/microchip/xc8/avr/bin/../lib/gcc/avr/5.4.0/avrxmega4/memx-const\libgcc.a(_exit.o)
 .text.libgcc.mul
                0x0000000000000000        0x0 c:/program files (x86)/microchip/xc8/avr/bin/../lib/gcc/avr/5.4.0/avrxmega4/memx-const\libgcc.a(_exit.o)
 .text.libgcc.div
                0x0000000000000000        0x0 c:/program files (x86)/microchip/xc8/avr/bin/../lib/gcc/avr/5.4.0/avrxmega4/memx-const\libgcc.a(_exit.o)
 .text.libgcc   0x0000000000000000        0x0 c:/program files (x86)/microchip/xc8/avr/bin/../lib/gcc/avr/5.4.0/avrxmega4/memx-const\libgcc.a(_exit.o)
 .text.libgcc.prologue
                0x0000000000000000        0x0 c:/program files (x86)/microchip/xc8/avr/bin/../lib/gcc/avr/5.4.0/avrxmega4/memx-const\libgcc.a(_exit.o)
 .text.libgcc.builtins
                0x0000000000000000        0x0 c:/program files (x86)/microchip/xc8/avr/bin/../lib/gcc/avr/5.4.0/avrxmega4/memx-const\libgcc.a(_exit.o)
 .text.libgcc.fmul
                0x0000000000000000        0x0 c:/program files (x86)/microchip/xc8/avr/bin/../lib/gcc/avr/5.4.0/avrxmega4/memx-const\libgcc.a(_exit.o)
 .text.libgcc.fixed
                0x0000000000000000        0x0 c:/program files (x86)/microchip/xc8/avr/bin/../lib/gcc/avr/5.4.0/avrxmega4/memx-const\libgcc.a(_exit.o)
 .text          0x0000000000000000        0x0 c:/program files (x86)/microchip/xc8/avr/bin/../lib/gcc/avr/5.4.0/avrxmega4/memx-const\libgcc.a(_copy_data.o)
 .data          0x0000000000000000        0x0 c:/program files (x86)/microchip/xc8/avr/bin/../lib/gcc/avr/5.4.0/avrxmega4/memx-const\libgcc.a(_copy_data.o)
 .bss           0x0000000000000000        0x0 c:/program files (x86)/microchip/xc8/avr/bin/../lib/gcc/avr/5.4.0/avrxmega4/memx-const\libgcc.a(_copy_data.o)
 .text.libgcc.mul
                0x0000000000000000        0x0 c:/program files (x86)/microchip/xc8/avr/bin/../lib/gcc/avr/5.4.0/avrxmega4/memx-const\libgcc.a(_copy_data.o)
 .text.libgcc.div
                0x0000000000000000        0x0 c:/program files (x86)/microchip/xc8/avr/bin/../lib/gcc/avr/5.4.0/avrxmega4/memx-const\libgcc.a(_copy_data.o)
 .text.libgcc   0x0000000000000000        0x0 c:/program files (x86)/microchip/xc8/avr/bin/../lib/gcc/avr/5.4.0/avrxmega4/memx-const\libgcc.a(_copy_data.o)
 .text.libgcc.prologue
                0x0000000000000000        0x0 c:/program files (x86)/microchip/xc8/avr/bin/../lib/gcc/avr/5.4.0/avrxmega4/memx-const\libgcc.a(_copy_data.o)
 .text.libgcc.builtins
                0x0000000000000000        0x0 c:/program files (x86)/microchip/xc8/avr/bin/../lib/gcc/avr/5.4.0/avrxmega4/memx-const\libgcc.a(_copy_data.o)
 .text.libgcc.fmul
                0x0000000000000000        0x0 c:/program files (x86)/microchip/xc8/avr/bin/../lib/gcc/avr/5.4.0/avrxmega4/memx-const\libgcc.a(_copy_data.o)
 .text.libgcc.fixed
                0x0000000000000000        0x0 c:/program files (x86)/microchip/xc8/avr/bin/../lib/gcc/avr/5.4.0/avrxmega4/memx-const\libgcc.a(_copy_data.o)

Memory Configuration

Name             Origin             Length             Attributes
text             0x0000000000000000 0x0000000000020000 xr
data             0x0000000000804000 0x0000000000004000 rw !x
eeprom           0x0000000000810000 0x0000000000000200 rw !x
fuse             0x0000000000820000 0x0000000000000010 rw !x
lock             0x0000000000830000 0x0000000000000400 rw !x
signature        0x0000000000840000 0x0000000000000400 rw !x
user_signatures  0x0000000000850000 0x0000000000000400 rw !x
*default*        0x0000000000000000 0xffffffffffffffff

Linker script and memory map

Address of section .data set to 0x804000
                0x0000000000008000                __RODATA_PM_OFFSET__ = 0x8000
LOAD C:/Users/m52422/.mchp_packs/Microchip/AVR-Dx_DFP/1.4.75/xc8/avr/lib/avrxmega4/memx-const/crtavr128db48.o
                0x0000000000000001                __MPLAB_BUILD = 0x1
LOAD build/Release/production/src/opamp.o
LOAD build/Release/production/src/port.o
LOAD build/Release/production/src/tca.o
LOAD build/Release/production/main.o
START GROUP
LOAD c:/program files (x86)/microchip/xc8/avr/bin/../lib/gcc/avr/5.4.0/../../../../avr/lib/avrxmega4/memx-const\libm.a
LOAD c:/program files (x86)/microchip/xc8/avr/bin/../lib/gcc/avr/5.4.0/../../../../avr/lib/avrxmega4/memx-const\libm.a
END GROUP
START GROUP
LOAD c:/program files (x86)/microchip/xc8/avr/bin/../lib/gcc/avr/5.4.0/avrxmega4/memx-const\libgcc.a
LOAD c:/program files (x86)/microchip/xc8/avr/bin/../lib/gcc/avr/5.4.0/../../../../avr/lib/avrxmega4/memx-const\libm.a
LOAD c:/program files (x86)/microchip/xc8/avr/bin/../lib/gcc/avr/5.4.0/../../../../avr/lib/avrxmega4/memx-const\libc.a
LOAD C:/Users/m52422/.mchp_packs/Microchip/AVR-Dx_DFP/1.4.75/xc8/avr/lib/avrxmega4/memx-const\libavr128db48.a
END GROUP
                [0x0000000000000000]                __TEXT_REGION_ORIGIN__ = DEFINED (__TEXT_REGION_ORIGIN__)?__TEXT_REGION_ORIGIN__:0x0
                [0x0000000000804000]                __DATA_REGION_ORIGIN__ = DEFINED (__DATA_REGION_ORIGIN__)?__DATA_REGION_ORIGIN__:0x802000
                [0x0000000000020000]                __TEXT_REGION_LENGTH__ = DEFINED (__TEXT_REGION_LENGTH__)?__TEXT_REGION_LENGTH__:0x100000
                [0x0000000000004000]                __DATA_REGION_LENGTH__ = DEFINED (__DATA_REGION_LENGTH__)?__DATA_REGION_LENGTH__:0xffa0
                [0x0000000000000200]                __EEPROM_REGION_LENGTH__ = DEFINED (__EEPROM_REGION_LENGTH__)?__EEPROM_REGION_LENGTH__:0x10000
                [0x0000000000000010]                __FUSE_REGION_LENGTH__ = DEFINED (__FUSE_REGION_LENGTH__)?__FUSE_REGION_LENGTH__:0x400
                0x0000000000000400                __LOCK_REGION_LENGTH__ = DEFINED (__LOCK_REGION_LENGTH__)?__LOCK_REGION_LENGTH__:0x400
                0x0000000000000400                __SIGNATURE_REGION_LENGTH__ = DEFINED (__SIGNATURE_REGION_LENGTH__)?__SIGNATURE_REGION_LENGTH__:0x400
                0x0000000000000400                __USER_SIGNATURE_REGION_LENGTH__ = DEFINED (__USER_SIGNATURE_REGION_LENGTH__)?__USER_SIGNATURE_REGION_LENGTH__:0x400

.hash
 *(.hash)

.dynsym
 *(.dynsym)

.dynstr
 *(.dynstr)

.gnu.version
 *(.gnu.version)

.gnu.version_d
 *(.gnu.version_d)

.gnu.version_r
 *(.gnu.version_r)

.rel.init
 *(.rel.init)

.rela.init
 *(.rela.init)

.rel.text
 *(.rel.text)
 *(.rel.text.*)
 *(.rel.gnu.linkonce.t*)

.rela.text
 *(.rela.text)
 *(.rela.text.*)
 *(.rela.gnu.linkonce.t*)

.rel.fini
 *(.rel.fini)

.rela.fini
 *(.rela.fini)

.rel.rodata
 *(.rel.rodata)
 *(.rel.rodata.*)
 *(.rel.gnu.linkonce.r*)

.rela.rodata
 *(.rela.rodata)
 *(.rela.rodata.*)
 *(.rela.gnu.linkonce.r*)

.rel.data
 *(.rel.data)
 *(.rel.data.*)
 *(.rel.gnu.linkonce.d*)

.rela.data
 *(.rela.data)
 *(.rela.data.*)
 *(.rela.gnu.linkonce.d*)

.rel.ctors
 *(.rel.ctors)

.rela.ctors
 *(.rela.ctors)

.rel.dtors
 *(.rel.dtors)

.rela.dtors
 *(.rela.dtors)

.rel.got
 *(.rel.got)

.rela.got
 *(.rela.got)

.rel.bss
 *(.rel.bss)

.rela.bss
 *(.rela.bss)

.rel.plt
 *(.rel.plt)

.rela.plt
 *(.rela.plt)

.text           0x0000000000000000      0x158
 *(.vectors)
 .vectors       0x0000000000000000       0xf4 C:/Users/m52422/.mchp_packs/Microchip/AVR-Dx_DFP/1.4.75/xc8/avr/lib/avrxmega4/memx-const/crtavr128db48.o
                0x0000000000000000                __vector_default
                0x0000000000000000                __vectors
 *(.vectors)
 *(.progmem.gcc*)
 *(.dinit)
 .dinit         0x00000000000000f4        0xc data_init
                0x0000000000000100                . = ALIGN (0x2)
                0x0000000000000100                __trampolines_start = .
 *(.trampolines)
 .trampolines   0x0000000000000100        0x0 linker stubs
 *(.trampolines*)
                0x0000000000000100                __trampolines_end = .
 *libprintf_flt.a:*(.progmem.data)
 *libc.a:*(.progmem.data)
                0x0000000000000100                . = ALIGN (0x2)
 *(.jumptables)
 *(.jumptables*)
 *(.lowtext)
 *(.lowtext*)
                0x0000000000000100                __ctors_start = .
 *(.ctors)
                0x0000000000000100                __ctors_end = .
                0x0000000000000100                __dtors_start = .
 *(.dtors)
                0x0000000000000100                __dtors_end = .
 SORT(*)(.ctors)
 SORT(*)(.dtors)
 *(.init0)
 .init0         0x0000000000000100        0x0 C:/Users/m52422/.mchp_packs/Microchip/AVR-Dx_DFP/1.4.75/xc8/avr/lib/avrxmega4/memx-const/crtavr128db48.o
                0x0000000000000100                __init
 *(.init0)
 *(.init1)
 *(.init1)
 *(.init2)
 .init2         0x0000000000000100        0xc C:/Users/m52422/.mchp_packs/Microchip/AVR-Dx_DFP/1.4.75/xc8/avr/lib/avrxmega4/memx-const/crtavr128db48.o
 *(.init2)
 *(.init3)
 *(.init3)
 *(.init4)
 .init4         0x000000000000010c       0x40 c:/program files (x86)/microchip/xc8/avr/bin/../lib/gcc/avr/5.4.0/avrxmega4/memx-const\libgcc.a(_copy_data.o)
                0x000000000000010c                __do_copy_data
                0x000000000000013e                __do_clear_bss
 *(.init4)
 *(.init5)
 *(.init5)
 *(.init6)
 *(.init6)
 *(.init7)
 *(.init7)
 *(.init8)
 *(.init8)
 *(.init9)
 .init9         0x000000000000014c        0x8 C:/Users/m52422/.mchp_packs/Microchip/AVR-Dx_DFP/1.4.75/xc8/avr/lib/avrxmega4/memx-const/crtavr128db48.o
 *(.init9)
                0x0000000000000154                . = ALIGN (0x2)
 *(.fini9)
 .fini9         0x0000000000000154        0x0 c:/program files (x86)/microchip/xc8/avr/bin/../lib/gcc/avr/5.4.0/avrxmega4/memx-const\libgcc.a(_exit.o)
                0x0000000000000154                _exit
                0x0000000000000154                exit
 *(.fini9)
 *(.fini8)
 *(.fini8)
 *(.fini7)
 *(.fini7)
 *(.fini6)
 *(.fini6)
 *(.fini5)
 *(.fini5)
 *(.fini4)
 *(.fini4)
 *(.fini3)
 *(.fini3)
 *(.fini2)
 *(.fini2)
 *(.fini1)
 *(.fini1)
 *(.fini0)
 .fini0         0x0000000000000154        0x4 c:/program files (x86)/microchip/xc8/avr/bin/../lib/gcc/avr/5.4.0/avrxmega4/memx-const\libgcc.a(_exit.o)
 *(.fini0)
                0x0000000000000158                _etext = .

.data           0x0000000000804000        0x0 load address 0x0000000000000158
                [!provide]                        PROVIDE (__data_start, .)
 *(.gnu.linkonce.d*)
 *(.gnu.linkonce.r*)
                0x0000000000804000                . = ALIGN (0x2)
                0x0000000000804000                _edata = .
                [!provide]                        PROVIDE (__data_end, .)

.bss            0x0000000000804000        0x1
                [!provide]                        PROVIDE (__bss_start, .)
 *(COMMON)
 COMMON         0x0000000000804000        0x1 build/Release/production/main.o
                0x0000000000804000                opamp_confg
                [!provide]                        PROVIDE (__bss_end, .)
                0x0000000000000158                __data_load_start = LOADADDR (.data)
                0x0000000000000158                __data_load_end = (__data_load_start + SIZEOF (.data))

.noinit         0x0000000000804001        0x0
                [!provide]                        PROVIDE (__noinit_start, .)
 *(.noinit*)
                [!provide]                        PROVIDE (__noinit_end, .)
                0x0000000000804001                _end = .

.eeprom         0x0000000000810000        0x0
 *(.eeprom*)
                0x0000000000810000                __eeprom_end = .

.fuse           0x0000000000820000        0x9
 *(.fuse)
 .fuse          0x0000000000820000        0x9 build/Release/production/main.o
                0x0000000000820000                __fuse
 *(.lfuse)
 *(.hfuse)
 *(.efuse)

.lock           0x0000000000830000        0x4
 *(.lock*)
 .lock          0x0000000000830000        0x4 build/Release/production/main.o
                0x0000000000830000                __lock

.signature
 *(.signature*)

.user_signatures
 *(.user_signatures*)

.stab
 *(.stab)

.stabstr
 *(.stabstr)

.stab.excl
 *(.stab.excl)

.stab.exclstr
 *(.stab.exclstr)

.stab.index
 *(.stab.index)

.stab.indexstr
 *(.stab.indexstr)

.comment        0x0000000000000000       0x2f
 *(.comment)
 .comment       0x0000000000000000       0x2f build/Release/production/src/opamp.o
                                         0x30 (size before relaxing)
 .comment       0x000000000000002f       0x30 build/Release/production/src/port.o
 .comment       0x000000000000002f       0x30 build/Release/production/src/tca.o
 .comment       0x000000000000002f       0x30 build/Release/production/main.o

.note.gnu.build-id
 *(.note.gnu.build-id)

.debug
 *(.debug)

.line
 *(.line)

.debug_srcinfo
 *(.debug_srcinfo)

.debug_sfnames
 *(.debug_sfnames)

.debug_aranges  0x0000000000000000       0xf0
 *(.debug_aranges)
 .debug_aranges
                0x0000000000000000       0x50 build/Release/production/src/opamp.o
 .debug_aranges
                0x0000000000000050       0x20 build/Release/production/src/port.o
 .debug_aranges
                0x0000000000000070       0x48 build/Release/production/src/tca.o
 .debug_aranges
                0x00000000000000b8       0x38 build/Release/production/main.o

.debug_pubnames
 *(.debug_pubnames)

.debug_info     0x0000000000000000     0x76c3
 *(.debug_info .gnu.linkonce.wi.*)
 .debug_info    0x0000000000000000     0x2f7b C:/Users/m52422/.mchp_packs/Microchip/AVR-Dx_DFP/1.4.75/xc8/avr/lib/avrxmega4/memx-const/crtavr128db48.o
 .debug_info    0x0000000000002f7b     0x140a build/Release/production/src/opamp.o
 .debug_info    0x0000000000004385      0x55f build/Release/production/src/port.o
 .debug_info    0x00000000000048e4     0x1c13 build/Release/production/src/tca.o
 .debug_info    0x00000000000064f7     0x11cc build/Release/production/main.o

.debug_abbrev   0x0000000000000000     0x3104
 *(.debug_abbrev)
 .debug_abbrev  0x0000000000000000     0x2cf8 C:/Users/m52422/.mchp_packs/Microchip/AVR-Dx_DFP/1.4.75/xc8/avr/lib/avrxmega4/memx-const/crtavr128db48.o
 .debug_abbrev  0x0000000000002cf8       0xa4 build/Release/production/src/opamp.o
 .debug_abbrev  0x0000000000002d9c       0xa4 build/Release/production/src/port.o
 .debug_abbrev  0x0000000000002e40      0x12d build/Release/production/src/tca.o
 .debug_abbrev  0x0000000000002f6d      0x197 build/Release/production/main.o

.debug_line     0x0000000000000000      0x90d
 *(.debug_line .debug_line.* .debug_line_end)
 .debug_line    0x0000000000000000      0x208 C:/Users/m52422/.mchp_packs/Microchip/AVR-Dx_DFP/1.4.75/xc8/avr/lib/avrxmega4/memx-const/crtavr128db48.o
 .debug_line    0x0000000000000208      0x245 build/Release/production/src/opamp.o
 .debug_line    0x000000000000044d      0x10d build/Release/production/src/port.o
 .debug_line    0x000000000000055a      0x189 build/Release/production/src/tca.o
 .debug_line    0x00000000000006e3      0x22a build/Release/production/main.o

.debug_frame    0x0000000000000000      0x1d4
 *(.debug_frame)
 .debug_frame   0x0000000000000000       0x84 build/Release/production/src/opamp.o
 .debug_frame   0x0000000000000084       0x24 build/Release/production/src/port.o
 .debug_frame   0x00000000000000a8       0x74 build/Release/production/src/tca.o
 .debug_frame   0x000000000000011c       0xb8 build/Release/production/main.o

.debug_str      0x0000000000000000     0x16ca
 *(.debug_str)
 .debug_str     0x0000000000000000     0x151a C:/Users/m52422/.mchp_packs/Microchip/AVR-Dx_DFP/1.4.75/xc8/avr/lib/avrxmega4/memx-const/crtavr128db48.o
 .debug_str     0x000000000000151a        0x0 build/Release/production/src/opamp.o
 .debug_str     0x000000000000151a        0x0 build/Release/production/src/port.o
 .debug_str     0x000000000000151a       0x52 build/Release/production/src/tca.o
 .debug_str     0x000000000000156c      0x15e build/Release/production/main.o

.debug_loc      0x0000000000000000       0x21
 *(.debug_loc)
 .debug_loc     0x0000000000000000       0x21 build/Release/production/main.o

.debug_macinfo
 *(.debug_macinfo)

.debug_weaknames
 *(.debug_weaknames)

.debug_funcnames
 *(.debug_funcnames)

.debug_typenames
 *(.debug_typenames)

.debug_varnames
 *(.debug_varnames)

.debug_pubtypes
 *(.debug_pubtypes)

.debug_ranges   0x0000000000000000       0xb0
 *(.debug_ranges)
 .debug_ranges  0x0000000000000000       0x40 build/Release/production/src/opamp.o
 .debug_ranges  0x0000000000000040       0x10 build/Release/production/src/port.o
 .debug_ranges  0x0000000000000050       0x38 build/Release/production/src/tca.o
 .debug_ranges  0x0000000000000088       0x28 build/Release/production/main.o

.debug_macro
 *(.debug_macro)
OUTPUT(dist/Release/production/avr128db48-cnano-opamp-demo-fw-mplab.X.production.elf elf32-avr)
LOAD linker stubs
LOAD data_init

.note.gnu.avr.deviceinfo
                0x0000000000000000       0x40
 .note.gnu.avr.deviceinfo
                0x0000000000000000       0x40 C:/Users/m52422/.mchp_packs/Microchip/AVR-Dx_DFP/1.4.75/xc8/avr/lib/avrxmega4/memx-const/crtavr128db48.o

.text.main      0x0000000000000158       0xd8
 .text.main     0x0000000000000158       0xd8 build/Release/production/main.o
                0x0000000000000158                main

.text.__vector_11
                0x0000000000000230       0x6e
 .text.__vector_11
                0x0000000000000230       0x6e build/Release/production/main.o
                0x0000000000000230                __vector_11

.text.__vector_45
                0x000000000000029e       0x3c
 .text.__vector_45
                0x000000000000029e       0x3c build/Release/production/main.o
                0x000000000000029e                __vector_45

.text.port_init
                0x00000000000002da       0x30
 .text.port_init
                0x00000000000002da       0x30 build/Release/production/src/port.o
                0x00000000000002da                port_init

.text.tca0_init
                0x000000000000030a       0x24
 .text.tca0_init
                0x000000000000030a       0x24 build/Release/production/src/tca.o
                0x000000000000030a                tca0_init

.text.opamp_init
                0x000000000000032e       0x1c
 .text.opamp_init
                0x000000000000032e       0x1c build/Release/production/src/opamp.o
                0x000000000000032e                opamp_init

.text.opamp_non_inverting_pga_config
                0x000000000000034a       0x1a
 .text.opamp_non_inverting_pga_config
                0x000000000000034a       0x1a build/Release/production/src/opamp.o
                0x000000000000034a                opamp_non_inverting_pga_config

.text.opamp_inverting_pga_config
                0x0000000000000364       0x1a
 .text.opamp_inverting_pga_config
                0x0000000000000364       0x1a build/Release/production/src/opamp.o
                0x0000000000000364                opamp_inverting_pga_config

.text.opamp_instrumentation_amplifier_config
                0x000000000000037e       0x1a
 .text.opamp_instrumentation_amplifier_config
                0x000000000000037e       0x1a build/Release/production/src/opamp.o
                0x000000000000037e                opamp_instrumentation_amplifier_config

.text.tca1_init
                0x0000000000000398       0x1a
 .text.tca1_init
                0x0000000000000398       0x1a build/Release/production/src/tca.o
                0x0000000000000398                tca1_init

.text.opamp_differential_amplifier_config
                0x00000000000003b2       0x18
 .text.opamp_differential_amplifier_config
                0x00000000000003b2       0x18 build/Release/production/src/opamp.o
                0x00000000000003b2                opamp_differential_amplifier_config

.text.opamp_voltage_follower_config
                0x00000000000003ca       0x14
 .text.opamp_voltage_follower_config
                0x00000000000003ca       0x14 build/Release/production/src/opamp.o
                0x00000000000003ca                opamp_voltage_follower_config

.text.opamp_single_config
                0x00000000000003de       0x12
 .text.opamp_single_config
                0x00000000000003de       0x12 build/Release/production/src/opamp.o
                0x00000000000003de                opamp_single_config

.text.tca0_set_cmp_value
                0x00000000000003f0        0xc
 .text.tca0_set_cmp_value
                0x00000000000003f0        0xc build/Release/production/src/tca.o
                0x00000000000003f0                tca0_set_cmp_value

.text.tca1_enable
                0x00000000000003fc        0xc
 .text.tca1_enable
                0x00000000000003fc        0xc build/Release/production/src/tca.o
                0x00000000000003fc                tca1_enable

.text.tca1_disable
                0x0000000000000408        0xc
 .text.tca1_disable
                0x0000000000000408        0xc build/Release/production/src/tca.o
                0x0000000000000408                tca1_disable

.text.tca_init  0x0000000000000414        0xa
 .text.tca_init
                0x0000000000000414        0xa build/Release/production/src/tca.o
                0x0000000000000414                tca_init

.text.LED0_blink
                0x000000000000041e        0xa
 .text.LED0_blink
                0x000000000000041e        0xa build/Release/production/main.o
                0x000000000000041e                LED0_blink

.text           0x0000000000000428        0x4
 .text          0x0000000000000428        0x4 C:/Users/m52422/.mchp_packs/Microchip/AVR-Dx_DFP/1.4.75/xc8/avr/lib/avrxmega4/memx-const/crtavr128db48.o
                0x0000000000000428                __vector_38
                0x0000000000000428                __vector_22
                0x0000000000000428                __vector_28
                0x0000000000000428                __vector_1
                0x0000000000000428                __vector_32
                0x0000000000000428                __vector_34
                0x0000000000000428                __vector_24
                0x0000000000000428                __vector_12
                0x0000000000000428                __vector_55
                0x0000000000000428                __vector_46
                0x0000000000000428                __bad_interrupt
                0x0000000000000428                __vector_6
                0x0000000000000428                __vector_31
                0x0000000000000428                __vector_35
                0x0000000000000428                __vector_39
                0x0000000000000428                __vector_3
                0x0000000000000428                __vector_23
                0x0000000000000428                __vector_30
                0x0000000000000428                __vector_25
                0x0000000000000428                __vector_54
                0x0000000000000428                __vector_13
                0x0000000000000428                __vector_17
                0x0000000000000428                __vector_19
                0x0000000000000428                __vector_56
                0x0000000000000428                __vector_7
                0x0000000000000428                __vector_49
                0x0000000000000428                __vector_41
                0x0000000000000428                __vector_43
                0x0000000000000428                __vector_27
                0x0000000000000428                __vector_5
                0x0000000000000428                __vector_33
                0x0000000000000428                __vector_47
                0x0000000000000428                __vector_52
                0x0000000000000428                __vector_37
                0x0000000000000428                __vector_4
                0x0000000000000428                __vector_44
                0x0000000000000428                __vector_51
                0x0000000000000428                __vector_9
                0x0000000000000428                __vector_2
                0x0000000000000428                __vector_21
                0x0000000000000428                __vector_15
                0x0000000000000428                __vector_36
                0x0000000000000428                __vector_58
                0x0000000000000428                __vector_29
                0x0000000000000428                __vector_60
                0x0000000000000428                __vector_40
                0x0000000000000428                __vector_8
                0x0000000000000428                __vector_26
                0x0000000000000428                __vector_48
                0x0000000000000428                __vector_14
                0x0000000000000428                __vector_57
                0x0000000000000428                __vector_53
                0x0000000000000428                __vector_10
                0x0000000000000428                __vector_50
                0x0000000000000428                __vector_16
                0x0000000000000428                __vector_59
                0x0000000000000428                __vector_18
                0x0000000000000428                __vector_20
                0x0000000000000428                __vector_42

.data.opamp_config_flag
                0x0000000000804001        0x1 load address 0x000000000000042c
 .data.opamp_config_flag
                0x0000000000804001        0x1 build/Release/production/main.o
                0x0000000000804001                opamp_config_flag
